== Verificación 2026-10-03 20:41:40 CST ==
Commit: f4c61e2
Log: docs/evidencias/verificacion-20261003-2041.log
Modo: --completo (incluye persistencia P12)

---- docker compose config ----
PASA: docker compose config

---- construir y levantar servicios (healthy) ----
time="2026-10-03T20:41:41-06:00" level=warning msg="Docker Compose is configured to build using Bake, but buildx isn't installed"
#0 building with "default" instance using docker driver

#1 [web internal] load build definition from Dockerfile
#1 transferring dockerfile: 1.05kB done
#1 DONE 0.0s

#2 [web internal] load metadata for docker.io/library/python:3.12-slim
#2 DONE 0.1s

#3 [web internal] load .dockerignore
#3 transferring context: 175B 0.0s done
#3 DONE 0.0s

#4 [web internal] load build context
#4 DONE 0.0s

#5 [web 1/8] FROM docker.io/library/python:3.12-slim@sha256:dddfd7e07f9d15aeeca61529320492139d21cac7f0070c00609243e51e4e0016
#5 resolve docker.io/library/python:3.12-slim@sha256:dddfd7e07f9d15aeeca61529320492139d21cac7f0070c00609243e51e4e0016 0.1s done
#5 DONE 0.1s

#4 [web internal] load build context
#4 transferring context: 5.72kB 0.0s done
#4 DONE 0.1s

#6 [web 6/8] COPY docker/entrypoint.sh /usr/local/bin/entrypoint.sh
#6 CACHED

#7 [web 7/8] COPY src/ /app/
#7 CACHED

#8 [web 2/8] WORKDIR /app
#8 CACHED

#9 [web 3/8] RUN groupadd --gid "1000" app     && useradd --uid "1000" --gid app --create-home --shell /usr/sbin/nologin app
#9 CACHED

#10 [web 4/8] COPY requirements.txt /tmp/requirements.txt
#10 CACHED

#11 [web 5/8] RUN pip install -r /tmp/requirements.txt
#11 CACHED

#12 [web 8/8] RUN chmod 0755 /usr/local/bin/entrypoint.sh     && mkdir -p /app/staticfiles     && chown app:app /app/staticfiles
#12 CACHED

#13 [web] exporting to image
#13 exporting layers 0.0s done
#13 exporting manifest sha256:3384d88b3375984d7c0a236577441386c6841592a3b51b1de1e2838bd032a7ec 0.0s done
#13 exporting config sha256:902465a1da081642e9eaa6a634da1d4ac131d5d7d17cc1c60c5e39f6837f45a5 0.0s done
#13 exporting attestation manifest sha256:a7d5e6f3c8cbc757d6ef0d5f5fb9f5d82ce88293053b2a88410d9bc42793ca66 0.1s done
#13 exporting manifest list sha256:4a282638553c66c5355c084dfa58b2686542bc799b9edfbc7194db759d2ca99b
#13 exporting manifest list sha256:4a282638553c66c5355c084dfa58b2686542bc799b9edfbc7194db759d2ca99b 0.1s done
#13 naming to docker.io/library/clonlimpio-web:latest 0.0s done
#13 unpacking to docker.io/library/clonlimpio-web:latest
#13 unpacking to docker.io/library/clonlimpio-web:latest 0.2s done
#13 DONE 0.8s

#14 [web] resolving provenance for metadata file
#14 DONE 0.2s
 web  Built
 Container clonlimpio-db-1  Running
 Container clonlimpio-web-1  Recreate
 Container clonlimpio-web-1  Recreated
 Container clonlimpio-db-1  Waiting
 Container clonlimpio-db-1  Healthy
 Container clonlimpio-web-1  Starting
 Container clonlimpio-web-1  Started
 Container clonlimpio-web-1  Waiting
 Container clonlimpio-db-1  Waiting
 Container clonlimpio-db-1  Healthy
 Container clonlimpio-web-1  Healthy
PASA: construir y levantar servicios (healthy)

---- logs de web sin errores ----
Revisando logs de web desde 2026-10-04T02:41:47.838633361Z
Sin líneas [ERROR], Traceback ni CRITICAL.
PASA: logs de web sin errores

---- ruff check ----
All checks passed!
PASA: ruff check

---- ruff format --check ----
73 files already formatted
PASA: ruff format --check

---- migraciones al día (makemigrations --check --dry-run) ----
No changes detected
PASA: migraciones al día (makemigrations --check --dry-run)

---- SHA-256 del Excel sin cambios ----
data/CatalogoServicios.xlsx: La suma coincide
PASA: SHA-256 del Excel sin cambios

---- pytest ----
============================= test session starts ==============================
platform linux -- Python 3.12.15, pytest-9.1.1, pluggy-1.6.0
django: version: 5.2.17, settings: config.settings (from env)
rootdir: /app
configfile: pytest.ini
testpaths: tests
plugins: django-4.14.0
collected 136 items

tests/test_cargar_demo.py ....                                           [  2%]
tests/test_crear_cuentas_demo.py ..........                              [ 10%]
tests/test_d1_catalogo.py ......                                         [ 14%]
tests/test_d1_organizacion.py ......                                     [ 19%]
tests/test_ficha_catalogo.py .........                                   [ 25%]
tests/test_humo.py ...                                                   [ 27%]
tests/test_importacion_pantalla.py ...                                   [ 30%]
tests/test_p01_login.py ........                                         [ 36%]
tests/test_p02_sesion.py ........                                        [ 41%]
tests/test_p03_catalogo.py ....                                          [ 44%]
tests/test_p03_organizacion.py .....                                     [ 48%]
tests/test_p03_roles.py ......                                           [ 52%]
tests/test_p04_jerarquia.py ..                                           [ 54%]
tests/test_p05_catalogo.py ........                                      [ 60%]
tests/test_p05_organizacion.py ......                                    [ 64%]
tests/test_p06_importacion.py ........                                   [ 70%]
tests/test_p07_reimportacion.py ....                                     [ 73%]
tests/test_p08_se12_ausencias.py ....                                    [ 76%]
tests/test_p09_minimo_maximo.py .......                                  [ 81%]
tests/test_p10_busqueda.py ......                                        [ 86%]
tests/test_p11_responsable.py ........                                   [ 91%]
tests/test_referencia_inactiva.py ..                                     [ 93%]
tests/test_usuarios_admin.py .......                                     [ 98%]
tests/test_migracion_puesto.py ..                                        [100%]

======================= 136 passed in 186.56s (0:03:06) ========================
PASA: pytest

---- persistencia P12 (down sin -v / up) ----
== P12 Persistencia 2026-10-03 20:45:09 CST ==
Commit: f4c61e2
Log: docs/evidencias/persistencia-20261003-2045.log

---- Precondiciones ----
PASA: db y web levantados y healthy
PASA: catálogo importado (≥12 N1 y ≥46 N2 con origen, al menos una ejecución EXITOSA)

---- Estado antes del reinicio ----
  n1=12
  n2=46
  n1_importados=12
  n2_importados=46
  usuarios=4
  empresas=1
  asignaciones=4
  ejecuciones=2
  ejecuciones_exitosas=2
  volumen=catalogo-servicios_datos_postgres (creado 2026-10-02T12:42:08-06:00)

---- Marcador ----
PASA: empresa marcador P12-20261003204512 creada (id 2)

---- docker compose down (sin -v) ----
 Container clonlimpio-web-1  Stopping
 Container clonlimpio-web-1  Stopped
 Container clonlimpio-web-1  Removing
 Container clonlimpio-web-1  Removed
 Container clonlimpio-db-1  Stopping
 Container clonlimpio-db-1  Stopped
 Container clonlimpio-db-1  Removing
 Container clonlimpio-db-1  Removed
 Network clonlimpio_default  Removing
 Network clonlimpio_default  Removed

---- docker compose up -d --wait ----
 Network clonlimpio_default  Creating
 Network clonlimpio_default  Created
 Container clonlimpio-db-1  Creating
 Container clonlimpio-db-1  Created
 Container clonlimpio-web-1  Creating
 Container clonlimpio-web-1  Created
 Container clonlimpio-db-1  Starting
 Container clonlimpio-db-1  Started
 Container clonlimpio-db-1  Waiting
 Container clonlimpio-db-1  Healthy
 Container clonlimpio-web-1  Starting
 Container clonlimpio-web-1  Started
 Container clonlimpio-web-1  Waiting
 Container clonlimpio-db-1  Waiting
 Container clonlimpio-db-1  Healthy
 Container clonlimpio-web-1  Healthy
PASA: servicios levantados de nuevo y healthy

---- Comprobaciones después del reinicio ----
  n1=12
  n2=46
  n1_importados=12
  n2_importados=46
  usuarios=4
  empresas=2
  asignaciones=4
  ejecuciones=2
  ejecuciones_exitosas=2
PASA: mismo volumen datos_postgres (no se recreó)
PASA: el marcador P12-20261003204512 existe tras el reinicio
PASA: conteo n1 igual (12 → 12)
PASA: conteo n2 igual (46 → 46)
PASA: conteo usuarios igual (4 → 4)
PASA: conteo asignaciones igual (4 → 4)
PASA: conteo ejecuciones igual (2 → 2)
PASA: conteo empresas = antes + marcador (1 + 1 → 2)
PASA: marcador P12-20261003204512 dado de baja (activo = False, registro conservado)

== RESULTADO P12: PASA (todas las comprobaciones) ==
PASA: persistencia P12 (down sin -v / up)

== RESULTADO: PASA (todos los pasos) ==
