== P12 Persistencia 2026-10-03 19:53:16 CST ==
Commit: 7e74e30
Log: docs/evidencias/persistencia-20261003-1953.log

---- Precondiciones ----
PASA: db y web levantados y healthy
PASA: catálogo importado (≥12 N1 y ≥46 N2 con origen, al menos una ejecución EXITOSA)

---- Estado antes del reinicio ----
  n1=13
  n2=46
  n1_importados=12
  n2_importados=46
  usuarios=4
  empresas=3
  asignaciones=4
  ejecuciones=4
  ejecuciones_exitosas=4
  volumen=catalogo-servicios_datos_postgres (creado 2026-10-02T12:42:08-06:00)

---- Marcador ----
PASA: empresa marcador P12-20261003195319 creada (id 4)

---- docker compose down (sin -v) ----
 Container catalogo-servicios-web-1  Stopping
 Container catalogo-servicios-web-1  Stopped
 Container catalogo-servicios-web-1  Removing
 Container catalogo-servicios-web-1  Removed
 Container catalogo-servicios-db-1  Stopping
 Container catalogo-servicios-db-1  Stopped
 Container catalogo-servicios-db-1  Removing
 Container catalogo-servicios-db-1  Removed
 Network catalogo-servicios_default  Removing
 Network catalogo-servicios_default  Removed

---- docker compose up -d --wait ----
 Network catalogo-servicios_default  Creating
 Network catalogo-servicios_default  Created
 Container catalogo-servicios-db-1  Creating
 Container catalogo-servicios-db-1  Created
 Container catalogo-servicios-web-1  Creating
 Container catalogo-servicios-web-1  Created
 Container catalogo-servicios-db-1  Starting
 Container catalogo-servicios-db-1  Started
 Container catalogo-servicios-db-1  Waiting
 Container catalogo-servicios-db-1  Healthy
 Container catalogo-servicios-web-1  Starting
 Container catalogo-servicios-web-1  Started
 Container catalogo-servicios-web-1  Waiting
 Container catalogo-servicios-db-1  Waiting
 Container catalogo-servicios-db-1  Healthy
 Container catalogo-servicios-web-1  Healthy
PASA: servicios levantados de nuevo y healthy

---- Comprobaciones después del reinicio ----
  n1=13
  n2=46
  n1_importados=12
  n2_importados=46
  usuarios=4
  empresas=4
  asignaciones=4
  ejecuciones=4
  ejecuciones_exitosas=4
PASA: mismo volumen datos_postgres (no se recreó)
PASA: el marcador P12-20261003195319 existe tras el reinicio
PASA: conteo n1 igual (13 → 13)
PASA: conteo n2 igual (46 → 46)
PASA: conteo usuarios igual (4 → 4)
PASA: conteo asignaciones igual (4 → 4)
PASA: conteo ejecuciones igual (4 → 4)
PASA: conteo empresas = antes + marcador (3 + 1 → 4)
PASA: marcador P12-20261003195319 dado de baja (activo = False, registro conservado)

== RESULTADO P12: PASA (todas las comprobaciones) ==
