== Verificación 2026-10-03 19:31:06 CST ==
Commit: 7e74e30
Log: docs/evidencias/verificacion-20261003-1931.log
Modo: --completo (incluye persistencia P12)

---- docker compose config ----
PASA: docker compose config

---- construir y levantar servicios (healthy) ----
time="2026-10-03T19:31:09-06:00" level=warning msg="Docker Compose is configured to build using Bake, but buildx isn't installed"
#0 building with "default" instance using docker driver

#1 [web internal] load build definition from Dockerfile
#1 transferring dockerfile: 1.05kB 0.0s done
#1 DONE 0.1s

#2 [web internal] load metadata for docker.io/library/python:3.12-slim
#2 DONE 0.3s

#3 [web internal] load .dockerignore
#3 transferring context: 175B 0.0s done
#3 DONE 0.0s

#4 [web internal] load build context
#4 DONE 0.0s

#5 [web 1/8] FROM docker.io/library/python:3.12-slim@sha256:dddfd7e07f9d15aeeca61529320492139d21cac7f0070c00609243e51e4e0016
#5 resolve docker.io/library/python:3.12-slim@sha256:dddfd7e07f9d15aeeca61529320492139d21cac7f0070c00609243e51e4e0016
#5 resolve docker.io/library/python:3.12-slim@sha256:dddfd7e07f9d15aeeca61529320492139d21cac7f0070c00609243e51e4e0016 0.3s done
#5 DONE 0.3s

#4 [web internal] load build context
#4 transferring context: 5.78kB 0.1s done
#4 DONE 0.2s

#6 [web 2/8] WORKDIR /app
#6 CACHED

#7 [web 3/8] RUN groupadd --gid "1000" app     && useradd --uid "1000" --gid app --create-home --shell /usr/sbin/nologin app
#7 CACHED

#8 [web 4/8] COPY requirements.txt /tmp/requirements.txt
#8 CACHED

#9 [web 5/8] RUN pip install -r /tmp/requirements.txt
#9 CACHED

#10 [web 6/8] COPY docker/entrypoint.sh /usr/local/bin/entrypoint.sh
#10 CACHED

#11 [web 7/8] COPY src/ /app/
#11 CACHED

#12 [web 8/8] RUN chmod 0755 /usr/local/bin/entrypoint.sh     && mkdir -p /app/staticfiles     && chown app:app /app/staticfiles
#12 CACHED

#13 [web] exporting to image
#13 exporting layers 0.1s done
#13 exporting manifest sha256:d9b018d2a67ce9d09903b7af7b0512a273ea29a4b72dfdeb1c839866103fbe37 0.0s done
#13 exporting config sha256:96d0684c47d4e3b38346721c1940d9490be300dfe2975a7c533d9cfcac7e7263 0.0s done
#13 exporting attestation manifest sha256:9b7dcb7068254fdfff44280885d3e3d22483566c6b1a45cabd00a1c33974622b
#13 exporting attestation manifest sha256:9b7dcb7068254fdfff44280885d3e3d22483566c6b1a45cabd00a1c33974622b 0.3s done
#13 exporting manifest list sha256:fa182c596b6eb6ca83b4cebf5f4242b65a3d4e7f267df16d44cfcb53f85fad3a
#13 exporting manifest list sha256:fa182c596b6eb6ca83b4cebf5f4242b65a3d4e7f267df16d44cfcb53f85fad3a 0.2s done
#13 naming to docker.io/library/catalogo-servicios-web:latest
#13 naming to docker.io/library/catalogo-servicios-web:latest 0.0s done
#13 unpacking to docker.io/library/catalogo-servicios-web:latest
#13 unpacking to docker.io/library/catalogo-servicios-web:latest 0.4s done
#13 DONE 2.1s

#14 [web] resolving provenance for metadata file
#14 DONE 0.2s
 web  Built
 Container catalogo-servicios-db-1  Running
 Container catalogo-servicios-web-1  Recreate
 Container catalogo-servicios-web-1  Recreated
 Container catalogo-servicios-db-1  Waiting
 Container catalogo-servicios-db-1  Healthy
 Container catalogo-servicios-web-1  Starting
 Container catalogo-servicios-web-1  Started
 Container catalogo-servicios-db-1  Waiting
 Container catalogo-servicios-web-1  Waiting
 Container catalogo-servicios-db-1  Healthy
 Container catalogo-servicios-web-1  Healthy
PASA: construir y levantar servicios (healthy)

---- logs de web sin errores ----
Revisando logs de web desde 2026-10-04T01:31:23.313918053Z
Sin líneas [ERROR], Traceback ni CRITICAL.
PASA: logs de web sin errores

---- ruff check ----
E501 Line too long (124 > 100)
  --> tests/test_importacion_pantalla.py:13:101
   |
11 | @pytest.mark.p07
12 | def test_admin_ve_historial_y_observaciones(importar, cliente_admin):
13 |     """P07 (resultado trazable): el administrador ve las ejecuciones (enlazadas desde el menú) y, en el detalle, los conteos
   |                                                                                                     ^^^^^^^^^^^^^^^^^^^^^^^^
14 |     y las observaciones emitidas con enlace al servicio."""
15 |     importar()
   |

E501 Line too long (103 > 100)
   --> tests/test_p06_importacion.py:147:101
    |
145 | @pytest.mark.p06
146 | def test_p06_trazabilidad_en_la_ficha(importar, cliente_admin):
147 |     """P06: cada servicio importado guarda hoja, filas, valores originales y transformaciones; la ficha
    |                                                                                                     ^^^
148 |     los muestra junto con sus observaciones. I5 se conserva tal cual (dato, no instrucción)."""
149 |     importar()
    |

E501 Line too long (104 > 100)
   --> tests/test_p06_importacion.py:174:101
    |
172 | @pytest.mark.importacion
173 | def test_original_con_hash_alterado_aborta(importar, tmp_path):
174 |     """P06: el archivo original se verifica siempre: con una suma esperada distinta (un .sha256 temporal
    |                                                                                                     ^^^^
175 |     alterado) el comando falla, no se crea nada y queda una ejecución FALLIDA con el hash real."""
176 |     sha_alterado = tmp_path / "alterado.sha256"
    |

E501 Line too long (105 > 100)
  --> tests/test_p07_reimportacion.py:61:101
   |
59 | @pytest.mark.p07
60 | def test_p07_la_ficha_sigue_mostrando_las_observaciones(importar, cliente_consulta):
61 |     """P07: tras reimportar, la ficha muestra las observaciones vigentes (re-emitidas, no duplicadas)."""
   |                                                                                                     ^^^^^
62 |     importar()
63 |     importar()
   |

E501 Line too long (105 > 100)
   --> tests/test_referencia_inactiva.py:110:101
    |
109 | def test_servicio_nuevo_con_nivel1_inactivo_no_se_crea(importar, excel_modificado):
110 |     """P07: un servicio nuevo cuyo nivel 1 está inactivo no se crea: se cuenta como omitido y se registra
    |                                                                                                     ^^^^^
111 |     REFERENCIA_INACTIVA. Los controles cuentan registros existentes, así que con el archivo
112 |     original (controles exigidos) la importación falla 12/43; con otro archivo solo se informa."""
    |

Found 5 errors.
FALLA: ruff check (código 1)
Verificación detenida en el primer fallo. Log: docs/evidencias/verificacion-20261003-1931.log
