== Verificación 2026-10-02 18:57:16 CST ==
Commit: d10c972
Log: docs/evidencias/verificacion-20261002-1857.log

---- docker compose config ----
PASA: docker compose config

---- construir y levantar servicios (healthy) ----
time="2026-10-02T18:57:17-06:00" level=warning msg="Docker Compose is configured to build using Bake, but buildx isn't installed"
#0 building with "default" instance using docker driver

#1 [web internal] load build definition from Dockerfile
#1 transferring dockerfile: 931B 0.0s done
#1 DONE 0.0s

#2 [web internal] load metadata for docker.io/library/python:3.12-slim
#2 DONE 0.1s

#3 [web internal] load .dockerignore
#3 transferring context: 175B 0.0s done
#3 DONE 0.1s

#4 [web 1/8] FROM docker.io/library/python:3.12-slim@sha256:dddfd7e07f9d15aeeca61529320492139d21cac7f0070c00609243e51e4e0016
#4 ...

#5 [web internal] load build context
#5 DONE 0.0s

#4 [web 1/8] FROM docker.io/library/python:3.12-slim@sha256:dddfd7e07f9d15aeeca61529320492139d21cac7f0070c00609243e51e4e0016
#4 resolve docker.io/library/python:3.12-slim@sha256:dddfd7e07f9d15aeeca61529320492139d21cac7f0070c00609243e51e4e0016
#4 resolve docker.io/library/python:3.12-slim@sha256:dddfd7e07f9d15aeeca61529320492139d21cac7f0070c00609243e51e4e0016 0.3s done
#4 DONE 0.3s

#5 [web internal] load build context
#5 transferring context: 1.68kB 0.0s done
#5 DONE 0.1s

#6 [web 2/8] WORKDIR /app
#6 CACHED

#7 [web 3/8] RUN groupadd --gid "1000" app     && useradd --uid "1000" --gid app --no-create-home --shell /usr/sbin/nologin app
#7 CACHED

#8 [web 4/8] COPY requirements.txt /tmp/requirements.txt
#8 CACHED

#9 [web 5/8] RUN pip install -r /tmp/requirements.txt
#9 CACHED

#10 [web 6/8] COPY docker/entrypoint.sh /usr/local/bin/entrypoint.sh
#10 CACHED

#11 [web 7/8] COPY src/ /app/
#11 CACHED

#12 [web 8/8] RUN chmod 0755 /usr/local/bin/entrypoint.sh     && mkdir -p /app/staticfiles     && chown app:app /app/staticfiles
#12 CACHED

#13 [web] exporting to image
#13 exporting layers 0.0s done
#13 exporting manifest sha256:be5545a7525d099ec53e831dd90616c66c8071755370dd426f888fe523e3b56b done
#13 exporting config sha256:5f1400ada1b157b17820febe8764ec650cf678c0278c371e2ccbb14e9f5f9bff
#13 exporting config sha256:5f1400ada1b157b17820febe8764ec650cf678c0278c371e2ccbb14e9f5f9bff done
#13 exporting attestation manifest sha256:5e60bb93b9756ecd705e1541a98d492a06282359daec3a98fb790c3783e02898
#13 exporting attestation manifest sha256:5e60bb93b9756ecd705e1541a98d492a06282359daec3a98fb790c3783e02898 0.2s done
#13 exporting manifest list sha256:0d2537f0f5a52b0c49f63036f6ebd6b436f4d9bdc165cb2b645f7ffc8ab4e425
#13 exporting manifest list sha256:0d2537f0f5a52b0c49f63036f6ebd6b436f4d9bdc165cb2b645f7ffc8ab4e425 0.1s done
#13 naming to docker.io/library/catalogo-servicios-web:latest 0.0s done
#13 unpacking to docker.io/library/catalogo-servicios-web:latest 0.1s done
#13 DONE 0.9s

#14 [web] resolving provenance for metadata file
#14 DONE 0.1s
 web  Built
 Container catalogo-servicios-db-1  Running
 Container catalogo-servicios-web-1  Recreate
 Container catalogo-servicios-web-1  Recreated
 Container catalogo-servicios-db-1  Waiting
 Container catalogo-servicios-db-1  Healthy
 Container catalogo-servicios-web-1  Starting
 Container catalogo-servicios-web-1  Started
 Container catalogo-servicios-db-1  Waiting
 Container catalogo-servicios-web-1  Waiting
 Container catalogo-servicios-db-1  Healthy
 Container catalogo-servicios-web-1  Healthy
PASA: construir y levantar servicios (healthy)

---- logs de web sin errores ----
Revisando logs de web desde 2026-10-03T00:57:27.15206902Z
Líneas con errores en los logs de web:
web-1  | [2026-10-03 00:57:36 +0000] [1] [ERROR] Control server error: [Errno 13] Permission denied: '/home/app'
FALLA: logs de web sin errores (código 1)
Verificación detenida en el primer fallo. Log: docs/evidencias/verificacion-20261002-1857.log
== Verificación 2026-10-02 18:57:45 CST ==
Commit: d10c972
Log: docs/evidencias/verificacion-20261002-1857.log

---- docker compose config ----
PASA: docker compose config

---- construir y levantar servicios (healthy) ----
time="2026-10-02T18:57:47-06:00" level=warning msg="Docker Compose is configured to build using Bake, but buildx isn't installed"
#0 building with "default" instance using docker driver

#1 [web internal] load build definition from Dockerfile
#1 transferring dockerfile: 1.05kB 0.0s done
#1 DONE 0.1s

#2 [web internal] load metadata for docker.io/library/python:3.12-slim
#2 DONE 0.2s

#3 [web internal] load .dockerignore
#3 transferring context: 175B 0.0s done
#3 DONE 0.1s

#4 [web internal] load build context
#4 DONE 0.0s

#5 [web 1/8] FROM docker.io/library/python:3.12-slim@sha256:dddfd7e07f9d15aeeca61529320492139d21cac7f0070c00609243e51e4e0016
#5 resolve docker.io/library/python:3.12-slim@sha256:dddfd7e07f9d15aeeca61529320492139d21cac7f0070c00609243e51e4e0016
#5 resolve docker.io/library/python:3.12-slim@sha256:dddfd7e07f9d15aeeca61529320492139d21cac7f0070c00609243e51e4e0016 0.3s done
#5 DONE 0.3s

#6 [web 2/8] WORKDIR /app
#6 CACHED

#4 [web internal] load build context
#4 transferring context: 1.68kB 0.0s done
#4 DONE 0.1s

#7 [web 3/8] RUN groupadd --gid "1000" app     && useradd --uid "1000" --gid app --create-home --shell /usr/sbin/nologin app
#7 DONE 1.3s

#8 [web 4/8] COPY requirements.txt /tmp/requirements.txt
#8 DONE 0.4s

#9 [web 5/8] RUN pip install -r /tmp/requirements.txt
#9 3.810 Collecting Django==5.2.17 (from -r /tmp/requirements.txt (line 2))
#9 3.986   Downloading django-5.2.17-py3-none-any.whl.metadata (4.1 kB)
#9 4.062 Collecting psycopg==3.3.6 (from psycopg[binary]==3.3.6->-r /tmp/requirements.txt (line 3))
#9 4.108   Downloading psycopg-3.3.6-py3-none-any.whl.metadata (4.4 kB)
#9 4.209 Collecting gunicorn==26.2.0 (from -r /tmp/requirements.txt (line 4))
#9 4.256   Downloading gunicorn-26.2.0-py3-none-any.whl.metadata (5.5 kB)
#9 4.359 Collecting argon2-cffi==25.1.0 (from -r /tmp/requirements.txt (line 5))
#9 4.401   Downloading argon2_cffi-25.1.0-py3-none-any.whl.metadata (4.1 kB)
#9 4.475 Collecting openpyxl==3.1.5 (from -r /tmp/requirements.txt (line 6))
#9 4.519   Downloading openpyxl-3.1.5-py2.py3-none-any.whl.metadata (2.5 kB)
#9 4.624 Collecting pytest==9.1.1 (from -r /tmp/requirements.txt (line 9))
#9 4.677   Downloading pytest-9.1.1-py3-none-any.whl.metadata (7.6 kB)
#9 4.752 Collecting pytest-django==4.14.0 (from -r /tmp/requirements.txt (line 10))
#9 4.814   Downloading pytest_django-4.14.0-py3-none-any.whl.metadata (8.1 kB)
#9 5.528 Collecting ruff==0.16.10 (from -r /tmp/requirements.txt (line 11))
#9 5.600   Downloading ruff-0.16.10-py3-none-manylinux_2_17_x86_64.manylinux2014_x86_64.whl.metadata (20 kB)
#9 5.696 Collecting asgiref>=3.8.1 (from Django==5.2.17->-r /tmp/requirements.txt (line 2))
#9 5.741   Downloading asgiref-3.12.1-py3-none-any.whl.metadata (9.4 kB)
#9 5.798 Collecting sqlparse>=0.3.1 (from Django==5.2.17->-r /tmp/requirements.txt (line 2))
#9 5.844   Downloading sqlparse-0.6.0-py3-none-any.whl.metadata (6.0 kB)
#9 5.922 Collecting typing-extensions>=4.6 (from psycopg==3.3.6->psycopg[binary]==3.3.6->-r /tmp/requirements.txt (line 3))
#9 5.969   Downloading typing_extensions-4.16.0-py3-none-any.whl.metadata (3.3 kB)
#9 6.033 Collecting argon2-cffi-bindings (from argon2-cffi==25.1.0->-r /tmp/requirements.txt (line 5))
#9 6.081   Downloading argon2_cffi_bindings-26.1.0-cp310-abi3-manylinux_2_26_x86_64.manylinux_2_28_x86_64.whl.metadata (7.5 kB)
#9 6.137 Collecting et-xmlfile (from openpyxl==3.1.5->-r /tmp/requirements.txt (line 6))
#9 6.182   Downloading et_xmlfile-2.0.0-py3-none-any.whl.metadata (2.7 kB)
#9 6.239 Collecting iniconfig>=1.0.1 (from pytest==9.1.1->-r /tmp/requirements.txt (line 9))
#9 6.289   Downloading iniconfig-2.3.0-py3-none-any.whl.metadata (2.5 kB)
#9 6.356 Collecting packaging>=22 (from pytest==9.1.1->-r /tmp/requirements.txt (line 9))
#9 6.409   Downloading packaging-26.3-py3-none-any.whl.metadata (3.5 kB)
#9 6.475 Collecting pluggy<2,>=1.5 (from pytest==9.1.1->-r /tmp/requirements.txt (line 9))
#9 6.529   Downloading pluggy-1.6.0-py3-none-any.whl.metadata (4.8 kB)
#9 6.615 Collecting pygments>=2.7.2 (from pytest==9.1.1->-r /tmp/requirements.txt (line 9))
#9 6.669   Downloading pygments-2.21.0-py3-none-any.whl.metadata (2.5 kB)
#9 7.103 Collecting psycopg-binary==3.3.6 (from psycopg[binary]==3.3.6->-r /tmp/requirements.txt (line 3))
#9 7.160   Downloading psycopg_binary-3.3.6-cp312-cp312-manylinux2014_x86_64.manylinux_2_17_x86_64.whl.metadata (2.7 kB)
#9 7.389 Collecting cffi>=1.0.1 (from argon2-cffi-bindings->argon2-cffi==25.1.0->-r /tmp/requirements.txt (line 5))
#9 7.439   Downloading cffi-2.1.1-cp312-cp312-manylinux2014_x86_64.manylinux_2_17_x86_64.whl.metadata (2.5 kB)
#9 7.503 Collecting pycparser (from cffi>=1.0.1->argon2-cffi-bindings->argon2-cffi==25.1.0->-r /tmp/requirements.txt (line 5))
#9 7.551   Downloading pycparser-3.0-py3-none-any.whl.metadata (8.2 kB)
#9 7.607 Downloading django-5.2.17-py3-none-any.whl (8.3 MB)
#9 8.222    ━━━━━━━━━━━━━━━━━━━━━━━━━━━━━━━━━━━━━━━━ 8.3/8.3 MB 17.0 MB/s eta 0:00:00
#9 8.261 Downloading psycopg-3.3.6-py3-none-any.whl (215 kB)
#9 8.317 Downloading gunicorn-26.2.0-py3-none-any.whl (228 kB)
#9 8.369 Downloading argon2_cffi-25.1.0-py3-none-any.whl (14 kB)
#9 8.435 Downloading openpyxl-3.1.5-py2.py3-none-any.whl (250 kB)
#9 8.514 Downloading pytest-9.1.1-py3-none-any.whl (386 kB)
#9 8.570 Downloading pytest_django-4.14.0-py3-none-any.whl (27 kB)
#9 8.629 Downloading ruff-0.16.10-py3-none-manylinux_2_17_x86_64.manylinux2014_x86_64.whl (10.4 MB)
#9 9.276    ━━━━━━━━━━━━━━━━━━━━━━━━━━━━━━━━━━━━━━━━ 10.4/10.4 MB 16.4 MB/s eta 0:00:00
#9 9.329 Downloading psycopg_binary-3.3.6-cp312-cp312-manylinux2014_x86_64.manylinux_2_17_x86_64.whl (5.2 MB)
#9 9.677    ━━━━━━━━━━━━━━━━━━━━━━━━━━━━━━━━━━━━━━━━ 5.2/5.2 MB 15.7 MB/s eta 0:00:00
#9 9.730 Downloading asgiref-3.12.1-py3-none-any.whl (25 kB)
#9 9.813 Downloading iniconfig-2.3.0-py3-none-any.whl (7.5 kB)
#9 9.889 Downloading packaging-26.3-py3-none-any.whl (129 kB)
#9 9.937 Downloading pluggy-1.6.0-py3-none-any.whl (20 kB)
#9 9.999 Downloading pygments-2.21.0-py3-none-any.whl (1.3 MB)
#9 10.06    ━━━━━━━━━━━━━━━━━━━━━━━━━━━━━━━━━━━━━━━━ 1.3/1.3 MB 25.4 MB/s eta 0:00:00
#9 10.10 Downloading sqlparse-0.6.0-py3-none-any.whl (50 kB)
#9 10.15 Downloading typing_extensions-4.16.0-py3-none-any.whl (45 kB)
#9 10.21 Downloading argon2_cffi_bindings-26.1.0-cp310-abi3-manylinux_2_26_x86_64.manylinux_2_28_x86_64.whl (26 kB)
#9 10.25 Downloading et_xmlfile-2.0.0-py3-none-any.whl (18 kB)
#9 10.30 Downloading cffi-2.1.1-cp312-cp312-manylinux2014_x86_64.manylinux_2_17_x86_64.whl (221 kB)
#9 10.36 Downloading pycparser-3.0-py3-none-any.whl (48 kB)
#9 10.79 Installing collected packages: typing-extensions, sqlparse, ruff, pygments, pycparser, psycopg-binary, pluggy, packaging, iniconfig, gunicorn, et-xmlfile, asgiref, pytest, psycopg, openpyxl, Django, cffi, pytest-django, argon2-cffi-bindings, argon2-cffi
#9 20.93 Successfully installed Django-5.2.17 argon2-cffi-25.1.0 argon2-cffi-bindings-26.1.0 asgiref-3.12.1 cffi-2.1.1 et-xmlfile-2.0.0 gunicorn-26.2.0 iniconfig-2.3.0 openpyxl-3.1.5 packaging-26.3 pluggy-1.6.0 psycopg-3.3.6 psycopg-binary-3.3.6 pycparser-3.0 pygments-2.21.0 pytest-9.1.1 pytest-django-4.14.0 ruff-0.16.10 sqlparse-0.6.0 typing-extensions-4.16.0
#9 20.93 WARNING: Running pip as the 'root' user can result in broken permissions and conflicting behaviour with the system package manager, possibly rendering your system unusable. It is recommended to use a virtual environment instead: https://pip.pypa.io/warnings/venv. Use the --root-user-action option if you know what you are doing and want to suppress this warning.
#9 DONE 22.4s

#10 [web 6/8] COPY docker/entrypoint.sh /usr/local/bin/entrypoint.sh
#10 DONE 0.7s

#11 [web 7/8] COPY src/ /app/
#11 DONE 0.3s

#12 [web 8/8] RUN chmod 0755 /usr/local/bin/entrypoint.sh     && mkdir -p /app/staticfiles     && chown app:app /app/staticfiles
#12 DONE 1.1s

#13 [web] exporting to image
#13 exporting layers
#13 exporting layers 16.9s done
#13 exporting manifest sha256:ff0f8fd601bc723a9cfd22c4574799fb13fc908604f53ae3db94467b0a49c802 0.1s done
#13 exporting config sha256:fefee1248cf6730cce7dabd6ac47f46d42f1a1c238e2be9919a31b052c3422b2
#13 exporting config sha256:fefee1248cf6730cce7dabd6ac47f46d42f1a1c238e2be9919a31b052c3422b2 0.1s done
#13 exporting attestation manifest sha256:aa19ec7f856112de9a57eee0d739fc2dea63bbe0255815253aba080b240b368b
#13 exporting attestation manifest sha256:aa19ec7f856112de9a57eee0d739fc2dea63bbe0255815253aba080b240b368b 0.2s done
#13 exporting manifest list sha256:6f624fd50b29238ece9746c37f7497c28c84a1cf1d6ee134c3ea19e0c7ae6351
#13 exporting manifest list sha256:6f624fd50b29238ece9746c37f7497c28c84a1cf1d6ee134c3ea19e0c7ae6351 0.1s done
#13 naming to docker.io/library/catalogo-servicios-web:latest
#13 naming to docker.io/library/catalogo-servicios-web:latest 0.0s done
#13 unpacking to docker.io/library/catalogo-servicios-web:latest
#13 unpacking to docker.io/library/catalogo-servicios-web:latest 41.6s done
#13 DONE 60.5s

#14 [web] resolving provenance for metadata file
#14 DONE 0.3s
 web  Built
 Container catalogo-servicios-db-1  Running
 Container catalogo-servicios-web-1  Recreate
 Container catalogo-servicios-web-1  Recreated
 Container catalogo-servicios-db-1  Waiting
 Container catalogo-servicios-db-1  Healthy
 Container catalogo-servicios-web-1  Starting
 Container catalogo-servicios-web-1  Started
 Container catalogo-servicios-web-1  Waiting
 Container catalogo-servicios-db-1  Waiting
 Container catalogo-servicios-db-1  Healthy
 Container catalogo-servicios-web-1  Healthy
PASA: construir y levantar servicios (healthy)

---- logs de web sin errores ----
Revisando logs de web desde 2026-10-03T00:59:29.125973898Z
Sin líneas [ERROR], Traceback ni CRITICAL.
PASA: logs de web sin errores

---- ruff check ----
All checks passed!
PASA: ruff check

---- ruff format --check ----
20 files already formatted
PASA: ruff format --check

---- migraciones al día (makemigrations --check --dry-run) ----
No changes detected
PASA: migraciones al día (makemigrations --check --dry-run)

---- SHA-256 del Excel sin cambios ----
data/CatalogoServicios.xlsx: La suma coincide
PASA: SHA-256 del Excel sin cambios

---- pytest ----
============================= test session starts ==============================
platform linux -- Python 3.12.15, pytest-9.1.1, pluggy-1.6.0
django: version: 5.2.17, settings: config.settings (from env)
rootdir: /app
configfile: pytest.ini
testpaths: tests
plugins: django-4.14.0
collected 3 items

tests/test_humo.py ...                                                   [100%]

============================== 3 passed in 1.10s ===============================
PASA: pytest

== RESULTADO: PASA (todos los pasos) ==
