== Verificación 2026-10-02 19:21:52 CST ==
Commit: 13e96ff
Log: docs/evidencias/verificacion-20261002-1921.log

---- docker compose config ----
PASA: docker compose config

---- construir y levantar servicios (healthy) ----
time="2026-10-02T19:21:55-06:00" level=warning msg="Docker Compose is configured to build using Bake, but buildx isn't installed"
#0 building with "default" instance using docker driver

#1 [web internal] load build definition from Dockerfile
#1 transferring dockerfile: 1.05kB 0.0s done
#1 DONE 0.1s

#2 [web internal] load metadata for docker.io/library/python:3.12-slim
#2 DONE 0.4s

#3 [web internal] load .dockerignore
#3 transferring context: 175B 0.0s done
#3 DONE 0.1s

#4 [web internal] load build context
#4 DONE 0.0s

#5 [web 1/8] FROM docker.io/library/python:3.12-slim@sha256:dddfd7e07f9d15aeeca61529320492139d21cac7f0070c00609243e51e4e0016
#5 resolve docker.io/library/python:3.12-slim@sha256:dddfd7e07f9d15aeeca61529320492139d21cac7f0070c00609243e51e4e0016
#5 resolve docker.io/library/python:3.12-slim@sha256:dddfd7e07f9d15aeeca61529320492139d21cac7f0070c00609243e51e4e0016 0.5s done
#5 DONE 0.5s

#4 [web internal] load build context
#4 transferring context: 2.95kB 0.1s done
#4 DONE 0.2s

#6 [web 4/8] COPY requirements.txt /tmp/requirements.txt
#6 CACHED

#7 [web 5/8] RUN pip install -r /tmp/requirements.txt
#7 CACHED

#8 [web 6/8] COPY docker/entrypoint.sh /usr/local/bin/entrypoint.sh
#8 CACHED

#9 [web 7/8] COPY src/ /app/
#9 CACHED

#10 [web 2/8] WORKDIR /app
#10 CACHED

#11 [web 3/8] RUN groupadd --gid "1000" app     && useradd --uid "1000" --gid app --create-home --shell /usr/sbin/nologin app
#11 CACHED

#12 [web 8/8] RUN chmod 0755 /usr/local/bin/entrypoint.sh     && mkdir -p /app/staticfiles     && chown app:app /app/staticfiles
#12 CACHED

#13 [web] exporting to image
#13 exporting layers 0.1s done
#13 exporting manifest sha256:3d3f8e4e060a9b0e10983237c5b2e79103b88754a273976eed836b0bc6037e1b
#13 exporting manifest sha256:3d3f8e4e060a9b0e10983237c5b2e79103b88754a273976eed836b0bc6037e1b 0.0s done
#13 exporting config sha256:69356f17eefed2f8ed3b750b4b11ead271d5707319328f063b3ce6787ac1378c 0.0s done
#13 exporting attestation manifest sha256:abaf30f3af57cc11a2ae6ea41314d94e65c83c198199cc9b6523716a70abbb47
#13 exporting attestation manifest sha256:abaf30f3af57cc11a2ae6ea41314d94e65c83c198199cc9b6523716a70abbb47 0.3s done
#13 exporting manifest list sha256:e458272d9771225e70ffeb880d0953b57879b5a9499864648f08eb8cf8891513
#13 exporting manifest list sha256:e458272d9771225e70ffeb880d0953b57879b5a9499864648f08eb8cf8891513 0.1s done
#13 naming to docker.io/library/catalogo-servicios-web:latest
#13 naming to docker.io/library/catalogo-servicios-web:latest 0.0s done
#13 unpacking to docker.io/library/catalogo-servicios-web:latest
#13 unpacking to docker.io/library/catalogo-servicios-web:latest 0.3s done
#13 DONE 1.7s

#14 [web] resolving provenance for metadata file
#14 DONE 0.2s
 web  Built
 Container catalogo-servicios-db-1  Running
 Container catalogo-servicios-web-1  Recreate
 Container catalogo-servicios-web-1  Recreated
 Container catalogo-servicios-db-1  Waiting
 Container catalogo-servicios-db-1  Healthy
 Container catalogo-servicios-web-1  Starting
 Container catalogo-servicios-web-1  Started
 Container catalogo-servicios-web-1  Waiting
 Container catalogo-servicios-db-1  Waiting
 Container catalogo-servicios-db-1  Healthy
 Container catalogo-servicios-web-1  Healthy
PASA: construir y levantar servicios (healthy)

---- logs de web sin errores ----
Revisando logs de web desde 2026-10-03T01:22:10.759568153Z
Sin líneas [ERROR], Traceback ni CRITICAL.
PASA: logs de web sin errores

---- ruff check ----
All checks passed!
PASA: ruff check

---- ruff format --check ----
36 files already formatted
PASA: ruff format --check

---- migraciones al día (makemigrations --check --dry-run) ----
No changes detected
PASA: migraciones al día (makemigrations --check --dry-run)

---- SHA-256 del Excel sin cambios ----
data/CatalogoServicios.xlsx: La suma coincide
PASA: SHA-256 del Excel sin cambios

---- pytest ----
============================= test session starts ==============================
platform linux -- Python 3.12.15, pytest-9.1.1, pluggy-1.6.0
django: version: 5.2.17, settings: config.settings (from env)
rootdir: /app
configfile: pytest.ini
testpaths: tests
plugins: django-4.14.0
collected 44 items

tests/test_crear_cuentas_demo.py ..........                              [ 22%]
tests/test_humo.py ...                                                   [ 29%]
tests/test_p01_login.py ........                                         [ 47%]
tests/test_p02_sesion.py ........                                        [ 65%]
tests/test_p03_roles.py ......                                           [ 79%]
tests/test_usuarios_admin.py .......                                     [ 95%]
tests/test_migracion_puesto.py ..                                        [100%]

============================= 44 passed in 37.71s ==============================
PASA: pytest

== RESULTADO: PASA (todos los pasos) ==
