== Verificación 2026-10-02 19:02:27 CST ==
Commit: d10c972
Log: docs/evidencias/verificacion-20261002-1902.log

---- docker compose config ----
PASA: docker compose config

---- construir y levantar servicios (healthy) ----
time="2026-10-02T19:02:29-06:00" level=warning msg="Docker Compose is configured to build using Bake, but buildx isn't installed"
#0 building with "default" instance using docker driver

#1 [web internal] load build definition from Dockerfile
#1 transferring dockerfile: 1.05kB 0.0s done
#1 DONE 0.0s

#2 [web internal] load metadata for docker.io/library/python:3.12-slim
#2 DONE 0.2s

#3 [web internal] load .dockerignore
#3 transferring context: 175B 0.0s done
#3 DONE 0.1s

#4 [web internal] load build context
#4 DONE 0.0s

#5 [web 1/8] FROM docker.io/library/python:3.12-slim@sha256:dddfd7e07f9d15aeeca61529320492139d21cac7f0070c00609243e51e4e0016
#5 resolve docker.io/library/python:3.12-slim@sha256:dddfd7e07f9d15aeeca61529320492139d21cac7f0070c00609243e51e4e0016
#5 resolve docker.io/library/python:3.12-slim@sha256:dddfd7e07f9d15aeeca61529320492139d21cac7f0070c00609243e51e4e0016 0.2s done
#5 DONE 0.4s

#4 [web internal] load build context
#4 transferring context: 1.68kB 0.1s done
#4 DONE 0.2s

#6 [web 4/8] COPY requirements.txt /tmp/requirements.txt
#6 CACHED

#7 [web 5/8] RUN pip install -r /tmp/requirements.txt
#7 CACHED

#8 [web 6/8] COPY docker/entrypoint.sh /usr/local/bin/entrypoint.sh
#8 CACHED

#9 [web 7/8] COPY src/ /app/
#9 CACHED

#10 [web 2/8] WORKDIR /app
#10 CACHED

#11 [web 3/8] RUN groupadd --gid "1000" app     && useradd --uid "1000" --gid app --create-home --shell /usr/sbin/nologin app
#11 CACHED

#12 [web 8/8] RUN chmod 0755 /usr/local/bin/entrypoint.sh     && mkdir -p /app/staticfiles     && chown app:app /app/staticfiles
#12 CACHED

#13 [web] exporting to image
#13 exporting layers 0.1s done
#13 exporting manifest sha256:ff0f8fd601bc723a9cfd22c4574799fb13fc908604f53ae3db94467b0a49c802
#13 exporting manifest sha256:ff0f8fd601bc723a9cfd22c4574799fb13fc908604f53ae3db94467b0a49c802 0.0s done
#13 exporting config sha256:fefee1248cf6730cce7dabd6ac47f46d42f1a1c238e2be9919a31b052c3422b2 0.0s done
#13 exporting attestation manifest sha256:abf82093ea20de22ab5dfe8439c5c34db13da70e33a5b9fbac5f9f9124276a07
#13 exporting attestation manifest sha256:abf82093ea20de22ab5dfe8439c5c34db13da70e33a5b9fbac5f9f9124276a07 0.2s done
#13 exporting manifest list sha256:5b467607cc29c8146d0cc287f9c3cf19732b7edb0ab8cdc4e1a722a7c91bc987
#13 exporting manifest list sha256:5b467607cc29c8146d0cc287f9c3cf19732b7edb0ab8cdc4e1a722a7c91bc987 0.2s done
#13 naming to docker.io/library/catalogo-servicios-web:latest
#13 naming to docker.io/library/catalogo-servicios-web:latest 0.0s done
#13 unpacking to docker.io/library/catalogo-servicios-web:latest
#13 unpacking to docker.io/library/catalogo-servicios-web:latest 0.2s done
#13 DONE 1.3s

#14 [web] resolving provenance for metadata file
#14 DONE 0.3s
 web  Built
 Container catalogo-servicios-db-1  Running
 Container catalogo-servicios-web-1  Recreate
 Container catalogo-servicios-web-1  Recreated
 Container catalogo-servicios-db-1  Waiting
 Container catalogo-servicios-db-1  Healthy
 Container catalogo-servicios-web-1  Starting
 Container catalogo-servicios-web-1  Started
 Container catalogo-servicios-web-1  Waiting
 Container catalogo-servicios-db-1  Waiting
 Container catalogo-servicios-db-1  Healthy
 Container catalogo-servicios-web-1  Healthy
PASA: construir y levantar servicios (healthy)

---- logs de web sin errores ----
Revisando logs de web desde 2026-10-03T01:02:42.221095096Z
Sin líneas [ERROR], Traceback ni CRITICAL.
PASA: logs de web sin errores

---- ruff check ----
All checks passed!
PASA: ruff check

---- ruff format --check ----
20 files already formatted
PASA: ruff format --check

---- migraciones al día (makemigrations --check --dry-run) ----
No changes detected
PASA: migraciones al día (makemigrations --check --dry-run)

---- SHA-256 del Excel sin cambios ----
data/CatalogoServicios.xlsx: La suma coincide
PASA: SHA-256 del Excel sin cambios

---- pytest ----
============================= test session starts ==============================
platform linux -- Python 3.12.15, pytest-9.1.1, pluggy-1.6.0
django: version: 5.2.17, settings: config.settings (from env)
rootdir: /app
configfile: pytest.ini
testpaths: tests
plugins: django-4.14.0
collected 3 items

tests/test_humo.py ...                                                   [100%]

============================== 3 passed in 3.09s ===============================
PASA: pytest

== RESULTADO: PASA (todos los pasos) ==
