== Verificación 2026-10-02 18:26:09 CST ==
Commit: d10c972
Log: docs/evidencias/verificacion-20261002-1826.log

---- docker compose config ----
PASA: docker compose config

---- construir y levantar servicios (healthy) ----
time="2026-10-02T18:26:11-06:00" level=warning msg="Docker Compose is configured to build using Bake, but buildx isn't installed"
#0 building with "default" instance using docker driver

#1 [web internal] load build definition from Dockerfile
#1 transferring dockerfile: 931B 0.1s done
#1 DONE 0.1s

#2 [web internal] load metadata for docker.io/library/python:3.12-slim
#2 DONE 0.3s

#3 [web internal] load .dockerignore
#3 transferring context: 175B 0.0s done
#3 DONE 0.1s

#4 [web internal] load build context
#4 DONE 0.0s

#5 [web 1/8] FROM docker.io/library/python:3.12-slim@sha256:dddfd7e07f9d15aeeca61529320492139d21cac7f0070c00609243e51e4e0016
#5 resolve docker.io/library/python:3.12-slim@sha256:dddfd7e07f9d15aeeca61529320492139d21cac7f0070c00609243e51e4e0016
#5 resolve docker.io/library/python:3.12-slim@sha256:dddfd7e07f9d15aeeca61529320492139d21cac7f0070c00609243e51e4e0016 0.2s done
#5 DONE 0.3s

#4 [web internal] load build context
#4 transferring context: 1.68kB 0.0s done
#4 DONE 0.1s

#6 [web 3/8] RUN groupadd --gid "1000" app     && useradd --uid "1000" --gid app --no-create-home --shell /usr/sbin/nologin app
#6 CACHED

#7 [web 4/8] COPY requirements.txt /tmp/requirements.txt
#7 CACHED

#8 [web 5/8] RUN pip install -r /tmp/requirements.txt
#8 CACHED

#9 [web 6/8] COPY docker/entrypoint.sh /usr/local/bin/entrypoint.sh
#9 CACHED

#10 [web 7/8] COPY src/ /app/
#10 CACHED

#11 [web 2/8] WORKDIR /app
#11 CACHED

#12 [web 8/8] RUN chmod 0755 /usr/local/bin/entrypoint.sh     && mkdir -p /app/staticfiles     && chown app:app /app/staticfiles
#12 CACHED

#13 [web] exporting to image
#13 exporting layers 0.1s done
#13 exporting manifest sha256:be5545a7525d099ec53e831dd90616c66c8071755370dd426f888fe523e3b56b 0.0s done
#13 exporting config sha256:5f1400ada1b157b17820febe8764ec650cf678c0278c371e2ccbb14e9f5f9bff 0.0s done
#13 exporting attestation manifest sha256:14766cf56ff4d25cd66fe31e985880764bd77fa8ecfabe20100ac579b7a1c6a8
#13 exporting attestation manifest sha256:14766cf56ff4d25cd66fe31e985880764bd77fa8ecfabe20100ac579b7a1c6a8 0.1s done
#13 exporting manifest list sha256:555041cbd55f91b02eb15b894c045ba6b6955a3a986b8accd07753f57be50ddb
#13 exporting manifest list sha256:555041cbd55f91b02eb15b894c045ba6b6955a3a986b8accd07753f57be50ddb 0.1s done
#13 naming to docker.io/library/catalogo-servicios-web:latest 0.0s done
#13 unpacking to docker.io/library/catalogo-servicios-web:latest
#13 unpacking to docker.io/library/catalogo-servicios-web:latest 0.3s done
#13 DONE 1.1s

#14 [web] resolving provenance for metadata file
#14 DONE 0.1s
 web  Built
 Container catalogo-servicios-db-1  Running
 Container catalogo-servicios-web-1  Recreate
 Container catalogo-servicios-web-1  Recreated
 Container catalogo-servicios-db-1  Waiting
 Container catalogo-servicios-db-1  Healthy
 Container catalogo-servicios-web-1  Starting
 Container catalogo-servicios-web-1  Started
 Container catalogo-servicios-db-1  Waiting
 Container catalogo-servicios-web-1  Waiting
 Container catalogo-servicios-db-1  Healthy
 Container catalogo-servicios-web-1  Healthy
PASA: construir y levantar servicios (healthy)

---- ruff check ----
All checks passed!
PASA: ruff check

---- ruff format --check ----
20 files already formatted
PASA: ruff format --check

---- migraciones al día (makemigrations --check --dry-run) ----
No changes detected
PASA: migraciones al día (makemigrations --check --dry-run)

---- SHA-256 del Excel sin cambios ----
data/CatalogoServicios.xlsx: La suma coincide
PASA: SHA-256 del Excel sin cambios

---- pytest ----
============================= test session starts ==============================
platform linux -- Python 3.12.15, pytest-9.1.1, pluggy-1.6.0
django: version: 5.2.17, settings: config.settings (from env)
rootdir: /app
configfile: pytest.ini
testpaths: tests
plugins: django-4.14.0
collected 3 items

tests/test_humo.py ...                                                   [100%]

============================== 3 passed in 2.06s ===============================
PASA: pytest

== RESULTADO: PASA (todos los pasos) ==
